Archive member included because of file (symbol)

d:/diploma/atef/user library/zadic/imt_sdk_win_64/winavr/bin/../lib/gcc/avr/4.3.3/avr5\libgcc.a(_udivmodhi4.o)
                              ./HAL/LCD/LCD_prog.o (__udivmodhi4)
d:/diploma/atef/user library/zadic/imt_sdk_win_64/winavr/bin/../lib/gcc/avr/4.3.3/avr5\libgcc.a(_exit.o)
                              d:/diploma/atef/user library/zadic/imt_sdk_win_64/winavr/bin/../lib/gcc/avr/4.3.3/../../../../avr/lib/avr5/crtm32.o (exit)
d:/diploma/atef/user library/zadic/imt_sdk_win_64/winavr/bin/../lib/gcc/avr/4.3.3/avr5\libgcc.a(_copy_data.o)
                              ./HAL/KPD/KPD_Prog.o (__do_copy_data)
d:/diploma/atef/user library/zadic/imt_sdk_win_64/winavr/bin/../lib/gcc/avr/4.3.3/avr5\libgcc.a(_clear_bss.o)
                              ./MCAL/TIMERS/TIMERS_Program.o (__do_clear_bss)
d:/diploma/atef/user library/zadic/imt_sdk_win_64/winavr/bin/../lib/gcc/avr/4.3.3/avr5\libgcc.a(_fixunssfsi.o)
                              ./HAL/LM35/LM35_Program.o (__fixunssfsi)
d:/diploma/atef/user library/zadic/imt_sdk_win_64/winavr/bin/../lib/gcc/avr/4.3.3/avr5\libgcc.a(_addsub_sf.o)
                              d:/diploma/atef/user library/zadic/imt_sdk_win_64/winavr/bin/../lib/gcc/avr/4.3.3/avr5\libgcc.a(_fixunssfsi.o) (__subsf3)
d:/diploma/atef/user library/zadic/imt_sdk_win_64/winavr/bin/../lib/gcc/avr/4.3.3/avr5\libgcc.a(_mul_sf.o)
                              ./HAL/LM35/LM35_Program.o (__mulsf3)
d:/diploma/atef/user library/zadic/imt_sdk_win_64/winavr/bin/../lib/gcc/avr/4.3.3/avr5\libgcc.a(_gt_sf.o)
                              ./HAL/LCD/LCD_prog.o (__gtsf2)
d:/diploma/atef/user library/zadic/imt_sdk_win_64/winavr/bin/../lib/gcc/avr/4.3.3/avr5\libgcc.a(_ge_sf.o)
                              d:/diploma/atef/user library/zadic/imt_sdk_win_64/winavr/bin/../lib/gcc/avr/4.3.3/avr5\libgcc.a(_fixunssfsi.o) (__gesf2)
d:/diploma/atef/user library/zadic/imt_sdk_win_64/winavr/bin/../lib/gcc/avr/4.3.3/avr5\libgcc.a(_lt_sf.o)
                              ./HAL/LCD/LCD_prog.o (__ltsf2)
d:/diploma/atef/user library/zadic/imt_sdk_win_64/winavr/bin/../lib/gcc/avr/4.3.3/avr5\libgcc.a(_sf_to_si.o)
                              d:/diploma/atef/user library/zadic/imt_sdk_win_64/winavr/bin/../lib/gcc/avr/4.3.3/avr5\libgcc.a(_fixunssfsi.o) (__fixsfsi)
d:/diploma/atef/user library/zadic/imt_sdk_win_64/winavr/bin/../lib/gcc/avr/4.3.3/avr5\libgcc.a(_thenan_sf.o)
                              d:/diploma/atef/user library/zadic/imt_sdk_win_64/winavr/bin/../lib/gcc/avr/4.3.3/avr5\libgcc.a(_addsub_sf.o) (__thenan_sf)
d:/diploma/atef/user library/zadic/imt_sdk_win_64/winavr/bin/../lib/gcc/avr/4.3.3/avr5\libgcc.a(_usi_to_sf.o)
                              ./HAL/LM35/LM35_Program.o (__floatunsisf)
d:/diploma/atef/user library/zadic/imt_sdk_win_64/winavr/bin/../lib/gcc/avr/4.3.3/avr5\libgcc.a(_prologue.o)
                              d:/diploma/atef/user library/zadic/imt_sdk_win_64/winavr/bin/../lib/gcc/avr/4.3.3/avr5\libgcc.a(_addsub_sf.o) (__prologue_saves__)
d:/diploma/atef/user library/zadic/imt_sdk_win_64/winavr/bin/../lib/gcc/avr/4.3.3/avr5\libgcc.a(_epilogue.o)
                              d:/diploma/atef/user library/zadic/imt_sdk_win_64/winavr/bin/../lib/gcc/avr/4.3.3/avr5\libgcc.a(_addsub_sf.o) (__epilogue_restores__)
d:/diploma/atef/user library/zadic/imt_sdk_win_64/winavr/bin/../lib/gcc/avr/4.3.3/avr5\libgcc.a(_clzsi2.o)
                              d:/diploma/atef/user library/zadic/imt_sdk_win_64/winavr/bin/../lib/gcc/avr/4.3.3/avr5\libgcc.a(_usi_to_sf.o) (__clzsi2)
d:/diploma/atef/user library/zadic/imt_sdk_win_64/winavr/bin/../lib/gcc/avr/4.3.3/avr5\libgcc.a(_pack_sf.o)
                              d:/diploma/atef/user library/zadic/imt_sdk_win_64/winavr/bin/../lib/gcc/avr/4.3.3/avr5\libgcc.a(_addsub_sf.o) (__pack_f)
d:/diploma/atef/user library/zadic/imt_sdk_win_64/winavr/bin/../lib/gcc/avr/4.3.3/avr5\libgcc.a(_unpack_sf.o)
                              d:/diploma/atef/user library/zadic/imt_sdk_win_64/winavr/bin/../lib/gcc/avr/4.3.3/avr5\libgcc.a(_addsub_sf.o) (__unpack_f)
d:/diploma/atef/user library/zadic/imt_sdk_win_64/winavr/bin/../lib/gcc/avr/4.3.3/avr5\libgcc.a(_fpcmp_parts_sf.o)
                              d:/diploma/atef/user library/zadic/imt_sdk_win_64/winavr/bin/../lib/gcc/avr/4.3.3/avr5\libgcc.a(_gt_sf.o) (__fpcmp_parts_f)
d:/diploma/atef/user library/zadic/imt_sdk_win_64/winavr/bin/../lib/gcc/avr/4.3.3/avr5\libgcc.a(_clz.o)
                              d:/diploma/atef/user library/zadic/imt_sdk_win_64/winavr/bin/../lib/gcc/avr/4.3.3/avr5\libgcc.a(_clzsi2.o) (__clz_tab)

Memory Configuration

Name             Origin             Length             Attributes
text             0x00000000         0x00020000         xr
data             0x00800060         0x0000ffa0         rw !x
eeprom           0x00810000         0x00010000         rw !x
fuse             0x00820000         0x00000400         rw !x
lock             0x00830000         0x00000400         rw !x
signature        0x00840000         0x00000400         rw !x
*default*        0x00000000         0xffffffff

Linker script and memory map

LOAD d:/diploma/atef/user library/zadic/imt_sdk_win_64/winavr/bin/../lib/gcc/avr/4.3.3/../../../../avr/lib/avr5/crtm32.o
LOAD ./MCAL/TIMERS/TIMERS_Program.o
LOAD ./MCAL/GIE/GIE_Program.o
LOAD ./MCAL/EXTI/EXTI_Program.o
LOAD ./MCAL/DIO/DIO_Program.o
LOAD ./MCAL/ADC/ADC_Program.o
LOAD ./HAL/LM35/LM35_Program.o
LOAD ./HAL/LCD/LCD_prog.o
LOAD ./HAL/KPD/KPD_Prog.o
LOAD ./HAL/DC_Motor/DcMotor_Program.o
LOAD ./main.o
LOAD d:/diploma/atef/user library/zadic/imt_sdk_win_64/winavr/bin/../lib/gcc/avr/4.3.3/avr5\libgcc.a
LOAD d:/diploma/atef/user library/zadic/imt_sdk_win_64/winavr/bin/../lib/gcc/avr/4.3.3/../../../../avr/lib/avr5\libc.a
LOAD d:/diploma/atef/user library/zadic/imt_sdk_win_64/winavr/bin/../lib/gcc/avr/4.3.3/avr5\libgcc.a

.hash
 *(.hash)

.dynsym
 *(.dynsym)

.dynstr
 *(.dynstr)

.gnu.version
 *(.gnu.version)

.gnu.version_d
 *(.gnu.version_d)

.gnu.version_r
 *(.gnu.version_r)

.rel.init
 *(.rel.init)

.rela.init
 *(.rela.init)

.rel.text
 *(.rel.text)
 *(.rel.text.*)
 *(.rel.gnu.linkonce.t*)

.rela.text
 *(.rela.text)
 *(.rela.text.*)
 *(.rela.gnu.linkonce.t*)

.rel.fini
 *(.rel.fini)

.rela.fini
 *(.rela.fini)

.rel.rodata
 *(.rel.rodata)
 *(.rel.rodata.*)
 *(.rel.gnu.linkonce.r*)

.rela.rodata
 *(.rela.rodata)
 *(.rela.rodata.*)
 *(.rela.gnu.linkonce.r*)

.rel.data
 *(.rel.data)
 *(.rel.data.*)
 *(.rel.gnu.linkonce.d*)

.rela.data
 *(.rela.data)
 *(.rela.data.*)
 *(.rela.gnu.linkonce.d*)

.rel.ctors
 *(.rel.ctors)

.rela.ctors
 *(.rela.ctors)

.rel.dtors
 *(.rel.dtors)

.rela.dtors
 *(.rela.dtors)

.rel.got
 *(.rel.got)

.rela.got
 *(.rela.got)

.rel.bss
 *(.rel.bss)

.rela.bss
 *(.rela.bss)

.rel.plt
 *(.rel.plt)

.rela.plt
 *(.rela.plt)

.text           0x00000000     0x3266
 *(.vectors)
 .vectors       0x00000000       0x54 d:/diploma/atef/user library/zadic/imt_sdk_win_64/winavr/bin/../lib/gcc/avr/4.3.3/../../../../avr/lib/avr5/crtm32.o
                0x00000000                __vectors
                0x00000000                __vector_default
 *(.vectors)
 *(.progmem.gcc*)
 *(.progmem*)
                0x00000054                . = ALIGN (0x2)
                0x00000054                __trampolines_start = .
 *(.trampolines)
 .trampolines   0x00000054        0x0 linker stubs
 *(.trampolines*)
                0x00000054                __trampolines_end = .
 *(.jumptables)
 *(.jumptables*)
 *(.lowtext)
 *(.lowtext*)
                0x00000054                __ctors_start = .
 *(.ctors)
                0x00000054                __ctors_end = .
                0x00000054                __dtors_start = .
 *(.dtors)
                0x00000054                __dtors_end = .
 SORT(*)(.ctors)
 SORT(*)(.dtors)
 *(.init0)
 .init0         0x00000054        0x0 d:/diploma/atef/user library/zadic/imt_sdk_win_64/winavr/bin/../lib/gcc/avr/4.3.3/../../../../avr/lib/avr5/crtm32.o
                0x00000054                __init
 *(.init0)
 *(.init1)
 *(.init1)
 *(.init2)
 .init2         0x00000054        0xc d:/diploma/atef/user library/zadic/imt_sdk_win_64/winavr/bin/../lib/gcc/avr/4.3.3/../../../../avr/lib/avr5/crtm32.o
 *(.init2)
 *(.init3)
 *(.init3)
 *(.init4)
 .init4         0x00000060       0x16 d:/diploma/atef/user library/zadic/imt_sdk_win_64/winavr/bin/../lib/gcc/avr/4.3.3/avr5\libgcc.a(_copy_data.o)
                0x00000060                __do_copy_data
 .init4         0x00000076       0x10 d:/diploma/atef/user library/zadic/imt_sdk_win_64/winavr/bin/../lib/gcc/avr/4.3.3/avr5\libgcc.a(_clear_bss.o)
                0x00000076                __do_clear_bss
 *(.init4)
 *(.init5)
 *(.init5)
 *(.init6)
 *(.init6)
 *(.init7)
 *(.init7)
 *(.init8)
 *(.init8)
 *(.init9)
 .init9         0x00000086        0x8 d:/diploma/atef/user library/zadic/imt_sdk_win_64/winavr/bin/../lib/gcc/avr/4.3.3/../../../../avr/lib/avr5/crtm32.o
 *(.init9)
 *(.text)
 .text          0x0000008e        0x4 d:/diploma/atef/user library/zadic/imt_sdk_win_64/winavr/bin/../lib/gcc/avr/4.3.3/../../../../avr/lib/avr5/crtm32.o
                0x0000008e                __vector_12
                0x0000008e                __bad_interrupt
                0x0000008e                __vector_13
                0x0000008e                __vector_17
                0x0000008e                __vector_19
                0x0000008e                __vector_15
                0x0000008e                __vector_14
                0x0000008e                __vector_16
                0x0000008e                __vector_18
                0x0000008e                __vector_20
 .text          0x00000092        0x0 ./MCAL/TIMERS/TIMERS_Program.o
 .text          0x00000092        0x0 ./MCAL/GIE/GIE_Program.o
 .text          0x00000092        0x0 ./MCAL/EXTI/EXTI_Program.o
 .text          0x00000092        0x0 ./MCAL/DIO/DIO_Program.o
 .text          0x00000092        0x0 ./MCAL/ADC/ADC_Program.o
 .text          0x00000092        0x0 ./HAL/LM35/LM35_Program.o
 .text          0x00000092        0x0 ./HAL/LCD/LCD_prog.o
 .text          0x00000092        0x0 ./HAL/KPD/KPD_Prog.o
 .text          0x00000092        0x0 ./HAL/DC_Motor/DcMotor_Program.o
 .text          0x00000092        0x0 ./main.o
 .text          0x00000092        0x0 d:/diploma/atef/user library/zadic/imt_sdk_win_64/winavr/bin/../lib/gcc/avr/4.3.3/avr5\libgcc.a(_udivmodhi4.o)
 .text          0x00000092        0x0 d:/diploma/atef/user library/zadic/imt_sdk_win_64/winavr/bin/../lib/gcc/avr/4.3.3/avr5\libgcc.a(_exit.o)
 .text          0x00000092        0x0 d:/diploma/atef/user library/zadic/imt_sdk_win_64/winavr/bin/../lib/gcc/avr/4.3.3/avr5\libgcc.a(_copy_data.o)
 .text          0x00000092        0x0 d:/diploma/atef/user library/zadic/imt_sdk_win_64/winavr/bin/../lib/gcc/avr/4.3.3/avr5\libgcc.a(_clear_bss.o)
 .text          0x00000092       0x58 d:/diploma/atef/user library/zadic/imt_sdk_win_64/winavr/bin/../lib/gcc/avr/4.3.3/avr5\libgcc.a(_fixunssfsi.o)
                0x00000092                __fixunssfsi
 .text          0x000000ea      0x354 d:/diploma/atef/user library/zadic/imt_sdk_win_64/winavr/bin/../lib/gcc/avr/4.3.3/avr5\libgcc.a(_addsub_sf.o)
                0x00000382                __subsf3
                0x000003e4                __addsf3
 .text          0x0000043e      0x1f4 d:/diploma/atef/user library/zadic/imt_sdk_win_64/winavr/bin/../lib/gcc/avr/4.3.3/avr5\libgcc.a(_mul_sf.o)
                0x0000043e                __mulsf3
 .text          0x00000632       0x60 d:/diploma/atef/user library/zadic/imt_sdk_win_64/winavr/bin/../lib/gcc/avr/4.3.3/avr5\libgcc.a(_gt_sf.o)
                0x00000632                __gtsf2
 .text          0x00000692       0x60 d:/diploma/atef/user library/zadic/imt_sdk_win_64/winavr/bin/../lib/gcc/avr/4.3.3/avr5\libgcc.a(_ge_sf.o)
                0x00000692                __gesf2
 .text          0x000006f2       0x60 d:/diploma/atef/user library/zadic/imt_sdk_win_64/winavr/bin/../lib/gcc/avr/4.3.3/avr5\libgcc.a(_lt_sf.o)
                0x000006f2                __ltsf2
 .text          0x00000752       0xa8 d:/diploma/atef/user library/zadic/imt_sdk_win_64/winavr/bin/../lib/gcc/avr/4.3.3/avr5\libgcc.a(_sf_to_si.o)
                0x00000752                __fixsfsi
 .text          0x000007fa        0x0 d:/diploma/atef/user library/zadic/imt_sdk_win_64/winavr/bin/../lib/gcc/avr/4.3.3/avr5\libgcc.a(_thenan_sf.o)
 .text          0x000007fa       0xf2 d:/diploma/atef/user library/zadic/imt_sdk_win_64/winavr/bin/../lib/gcc/avr/4.3.3/avr5\libgcc.a(_usi_to_sf.o)
                0x000007fa                __floatunsisf
 .text          0x000008ec        0x0 d:/diploma/atef/user library/zadic/imt_sdk_win_64/winavr/bin/../lib/gcc/avr/4.3.3/avr5\libgcc.a(_prologue.o)
 .text          0x000008ec        0x0 d:/diploma/atef/user library/zadic/imt_sdk_win_64/winavr/bin/../lib/gcc/avr/4.3.3/avr5\libgcc.a(_epilogue.o)
 .text          0x000008ec       0x9e d:/diploma/atef/user library/zadic/imt_sdk_win_64/winavr/bin/../lib/gcc/avr/4.3.3/avr5\libgcc.a(_clzsi2.o)
                0x000008ec                __clzsi2
 .text          0x0000098a      0x1aa d:/diploma/atef/user library/zadic/imt_sdk_win_64/winavr/bin/../lib/gcc/avr/4.3.3/avr5\libgcc.a(_pack_sf.o)
                0x0000098a                __pack_f
 .text          0x00000b34       0xf0 d:/diploma/atef/user library/zadic/imt_sdk_win_64/winavr/bin/../lib/gcc/avr/4.3.3/avr5\libgcc.a(_unpack_sf.o)
                0x00000b34                __unpack_f
 .text          0x00000c24       0xb2 d:/diploma/atef/user library/zadic/imt_sdk_win_64/winavr/bin/../lib/gcc/avr/4.3.3/avr5\libgcc.a(_fpcmp_parts_sf.o)
                0x00000c24                __fpcmp_parts_f
 .text          0x00000cd6        0x0 d:/diploma/atef/user library/zadic/imt_sdk_win_64/winavr/bin/../lib/gcc/avr/4.3.3/avr5\libgcc.a(_clz.o)
                0x00000cd6                . = ALIGN (0x2)
 *(.text.*)
 .text.TIMER0_voidInit
                0x00000cd6       0x6a ./MCAL/TIMERS/TIMERS_Program.o
                0x00000cd6                TIMER0_voidInit
 .text.TIMER0_voidSetPreload
                0x00000d40       0x1c ./MCAL/TIMERS/TIMERS_Program.o
                0x00000d40                TIMER0_voidSetPreload
 .text.TIMER0_voidSetCTC
                0x00000d5c       0x1c ./MCAL/TIMERS/TIMERS_Program.o
                0x00000d5c                TIMER0_voidSetCTC
 .text.TIMER0_voidSetFastPWM
                0x00000d78       0x14 ./MCAL/TIMERS/TIMERS_Program.o
                0x00000d78                TIMER0_voidSetFastPWM
 .text.TIMER0_voidSetPhaseCorrectPWM
                0x00000d8c       0x1c ./MCAL/TIMERS/TIMERS_Program.o
                0x00000d8c                TIMER0_voidSetPhaseCorrectPWM
 .text.TIMER0_u8GetTimerCounterValue
                0x00000da8       0x14 ./MCAL/TIMERS/TIMERS_Program.o
                0x00000da8                TIMER0_u8GetTimerCounterValue
 .text.TIMER1_voidInit
                0x00000dbc      0x118 ./MCAL/TIMERS/TIMERS_Program.o
                0x00000dbc                TIMER1_voidInit
 .text.TIMER1_voidSetPreload
                0x00000ed4       0x36 ./MCAL/TIMERS/TIMERS_Program.o
                0x00000ed4                TIMER1_voidSetPreload
 .text.TIMER1_voidSetCTCA
                0x00000f0a       0x36 ./MCAL/TIMERS/TIMERS_Program.o
                0x00000f0a                TIMER1_voidSetCTCA
 .text.TIMER1_voidSetCTCB
                0x00000f40       0x36 ./MCAL/TIMERS/TIMERS_Program.o
                0x00000f40                TIMER1_voidSetCTCB
 .text.TIMER1_u8GetTimerCounterValue
                0x00000f76       0x42 ./MCAL/TIMERS/TIMERS_Program.o
                0x00000f76                TIMER1_u8GetTimerCounterValue
 .text.TIMER2_voidInit
                0x00000fb8       0x6a ./MCAL/TIMERS/TIMERS_Program.o
                0x00000fb8                TIMER2_voidInit
 .text.TIMER2_voidSetPreload
                0x00001022       0x1c ./MCAL/TIMERS/TIMERS_Program.o
                0x00001022                TIMER2_voidSetPreload
 .text.TIMER2_voidSetCTC
                0x0000103e       0x1c ./MCAL/TIMERS/TIMERS_Program.o
                0x0000103e                TIMER2_voidSetCTC
 .text.TIMER2_voidSetFastPWM
                0x0000105a       0x1c ./MCAL/TIMERS/TIMERS_Program.o
                0x0000105a                TIMER2_voidSetFastPWM
 .text.TIMER2_voidSetPhaseCorrectPWM
                0x00001076       0x14 ./MCAL/TIMERS/TIMERS_Program.o
                0x00001076                TIMER2_voidSetPhaseCorrectPWM
 .text.TIMER2_u8GetTimerCounterValue
                0x0000108a       0x14 ./MCAL/TIMERS/TIMERS_Program.o
                0x0000108a                TIMER2_u8GetTimerCounterValue
 .text.TIMER_u8SetCallBack
                0x0000109e       0x66 ./MCAL/TIMERS/TIMERS_Program.o
                0x0000109e                TIMER_u8SetCallBack
 .text.__vector_11
                0x00001104       0x66 ./MCAL/TIMERS/TIMERS_Program.o
                0x00001104                __vector_11
 .text.__vector_10
                0x0000116a       0x66 ./MCAL/TIMERS/TIMERS_Program.o
                0x0000116a                __vector_10
 .text.__vector_9
                0x000011d0       0x66 ./MCAL/TIMERS/TIMERS_Program.o
                0x000011d0                __vector_9
 .text.__vector_8
                0x00001236       0x66 ./MCAL/TIMERS/TIMERS_Program.o
                0x00001236                __vector_8
 .text.__vector_7
                0x0000129c       0x66 ./MCAL/TIMERS/TIMERS_Program.o
                0x0000129c                __vector_7
 .text.__vector_6
                0x00001302       0x66 ./MCAL/TIMERS/TIMERS_Program.o
                0x00001302                __vector_6
 .text.__vector_5
                0x00001368       0x66 ./MCAL/TIMERS/TIMERS_Program.o
                0x00001368                __vector_5
 .text.__vector_4
                0x000013ce       0x66 ./MCAL/TIMERS/TIMERS_Program.o
                0x000013ce                __vector_4
 .text.GIE_VidEn
                0x00001434       0x1c ./MCAL/GIE/GIE_Program.o
                0x00001434                GIE_VidEn
 .text.GIE_VidDisable
                0x00001450       0x1c ./MCAL/GIE/GIE_Program.o
                0x00001450                GIE_VidDisable
 .text.EXTI_voidInit
                0x0000146c       0x70 ./MCAL/EXTI/EXTI_Program.o
                0x0000146c                EXTI_voidInit
 .text.EXTI_u8SetInt0SenseControl
                0x000014dc       0xec ./MCAL/EXTI/EXTI_Program.o
                0x000014dc                EXTI_u8SetInt0SenseControl
 .text.EXTI_u8SetInt1SenseControl
                0x000015c8       0xec ./MCAL/EXTI/EXTI_Program.o
                0x000015c8                EXTI_u8SetInt1SenseControl
 .text.EXTI_u8SetInt2SenseControl
                0x000016b4       0x72 ./MCAL/EXTI/EXTI_Program.o
                0x000016b4                EXTI_u8SetInt2SenseControl
 .text.EXTI_u8Int0SetCallBack
                0x00001726       0x3a ./MCAL/EXTI/EXTI_Program.o
                0x00001726                EXTI_u8Int0SetCallBack
 .text.__vector_1
                0x00001760       0x66 ./MCAL/EXTI/EXTI_Program.o
                0x00001760                __vector_1
 .text.EXTI_u8Int1SetCallBack
                0x000017c6       0x3a ./MCAL/EXTI/EXTI_Program.o
                0x000017c6                EXTI_u8Int1SetCallBack
 .text.__vector_2
                0x00001800       0x66 ./MCAL/EXTI/EXTI_Program.o
                0x00001800                __vector_2
 .text.EXTI_u8Int2SetCallBack
                0x00001866       0x3a ./MCAL/EXTI/EXTI_Program.o
                0x00001866                EXTI_u8Int2SetCallBack
 .text.__vector_3
                0x000018a0       0x66 ./MCAL/EXTI/EXTI_Program.o
                0x000018a0                __vector_3
 .text.DIO_Vid_SetPinDirection
                0x00001906      0x200 ./MCAL/DIO/DIO_Program.o
                0x00001906                DIO_Vid_SetPinDirection
 .text.DIO_Vid_SetPinValue
                0x00001b06      0x200 ./MCAL/DIO/DIO_Program.o
                0x00001b06                DIO_Vid_SetPinValue
 .text.DIO_Vid_GetPinValue
                0x00001d06      0x108 ./MCAL/DIO/DIO_Program.o
                0x00001d06                DIO_Vid_GetPinValue
 .text.DIO_Vid_SetPortDirection
                0x00001e0e       0xf2 ./MCAL/DIO/DIO_Program.o
                0x00001e0e                DIO_Vid_SetPortDirection
 .text.DIO_Vid_SetPortValue
                0x00001f00       0x82 ./MCAL/DIO/DIO_Program.o
                0x00001f00                DIO_Vid_SetPortValue
 .text.DIO_Vid_GetPportValue
                0x00001f82       0x98 ./MCAL/DIO/DIO_Program.o
                0x00001f82                DIO_Vid_GetPportValue
 .text.DIO_ConnectedPullUp
                0x0000201a       0x1e ./MCAL/DIO/DIO_Program.o
                0x0000201a                DIO_ConnectedPullUp
 .text.ADC_voidInit
                0x00002038       0x8c ./MCAL/ADC/ADC_Program.o
                0x00002038                ADC_voidInit
 .text.ADC_u16GetConversionReading
                0x000020c4      0x530 ./MCAL/ADC/ADC_Program.o
                0x000020c4                ADC_u16GetConversionReading
 .text.LM35_voidInit
                0x000025f4       0x12 ./HAL/LM35/LM35_Program.o
                0x000025f4                LM35_voidInit
 .text.LM35_u16GetTempReading
                0x00002606       0x70 ./HAL/LM35/LM35_Program.o
                0x00002606                LM35_u16GetTempReading
 .text.LCD_vid_SendData
                0x00002676      0x13c ./HAL/LCD/LCD_prog.o
                0x00002676                LCD_vid_SendData
 .text.LCD_vid_SendCmd
                0x000027b2      0x13c ./HAL/LCD/LCD_prog.o
                0x000027b2                LCD_vid_SendCmd
 .text.LCD_Vid_Init
                0x000028ee      0x200 ./HAL/LCD/LCD_prog.o
                0x000028ee                LCD_Vid_Init
 .text.LCD_vid_DisplayClear
                0x00002aee       0x14 ./HAL/LCD/LCD_prog.o
                0x00002aee                LCD_vid_DisplayClear
 .text.LCD_vid_GoTo
                0x00002b02       0x2c ./HAL/LCD/LCD_prog.o
                0x00002b02                LCD_vid_GoTo
 .text.LCD_VidSendSpecaialChar
                0x00002b2e       0x80 ./HAL/LCD/LCD_prog.o
                0x00002b2e                LCD_VidSendSpecaialChar
 .text.LCD_vid_SendInt
                0x00002bae       0x48 ./HAL/LCD/LCD_prog.o
                0x00002bae                LCD_vid_SendInt
 .text.LCD_vid_SendString
                0x00002bf6       0x38 ./HAL/LCD/LCD_prog.o
                0x00002bf6                LCD_vid_SendString
 .text.Keypad_Init
                0x00002c2e       0x66 ./HAL/KPD/KPD_Prog.o
                0x00002c2e                Keypad_Init
 .text.Keypad_u8GetPressedKey
                0x00002c94      0x21e ./HAL/KPD/KPD_Prog.o
                0x00002c94                Keypad_u8GetPressedKey
 .text.MOTOR_VidInit
                0x00002eb2       0x22 ./HAL/DC_Motor/DcMotor_Program.o
                0x00002eb2                MOTOR_VidInit
 .text.MOTOR_VidCounterClockwise
                0x00002ed4       0x22 ./HAL/DC_Motor/DcMotor_Program.o
                0x00002ed4                MOTOR_VidCounterClockwise
 .text.MOTOR_VidCounterAntiClockwise
                0x00002ef6       0x22 ./HAL/DC_Motor/DcMotor_Program.o
                0x00002ef6                MOTOR_VidCounterAntiClockwise
 .text.MOTOR_Stop
                0x00002f18       0x22 ./HAL/DC_Motor/DcMotor_Program.o
                0x00002f18                MOTOR_Stop
 .text.Handle_EXTI0
                0x00002f3a       0x5c ./main.o
                0x00002f3a                Handle_EXTI0
 .text.Handle_EXTI1
                0x00002f96       0x58 ./main.o
                0x00002f96                Handle_EXTI1
 .text.main     0x00002fee      0x1de ./main.o
                0x00002fee                main
 .text.libgcc   0x000031cc       0x28 d:/diploma/atef/user library/zadic/imt_sdk_win_64/winavr/bin/../lib/gcc/avr/4.3.3/avr5\libgcc.a(_udivmodhi4.o)
                0x000031cc                __udivmodhi4
 .text.libgcc   0x000031f4        0x0 d:/diploma/atef/user library/zadic/imt_sdk_win_64/winavr/bin/../lib/gcc/avr/4.3.3/avr5\libgcc.a(_exit.o)
 .text.libgcc   0x000031f4        0x0 d:/diploma/atef/user library/zadic/imt_sdk_win_64/winavr/bin/../lib/gcc/avr/4.3.3/avr5\libgcc.a(_copy_data.o)
 .text.libgcc   0x000031f4        0x0 d:/diploma/atef/user library/zadic/imt_sdk_win_64/winavr/bin/../lib/gcc/avr/4.3.3/avr5\libgcc.a(_clear_bss.o)
 .text.libgcc   0x000031f4       0x38 d:/diploma/atef/user library/zadic/imt_sdk_win_64/winavr/bin/../lib/gcc/avr/4.3.3/avr5\libgcc.a(_prologue.o)
                0x000031f4                __prologue_saves__
 .text.libgcc   0x0000322c       0x36 d:/diploma/atef/user library/zadic/imt_sdk_win_64/winavr/bin/../lib/gcc/avr/4.3.3/avr5\libgcc.a(_epilogue.o)
                0x0000322c                __epilogue_restores__
                0x00003262                . = ALIGN (0x2)
 *(.fini9)
 .fini9         0x00003262        0x0 d:/diploma/atef/user library/zadic/imt_sdk_win_64/winavr/bin/../lib/gcc/avr/4.3.3/avr5\libgcc.a(_exit.o)
                0x00003262                exit
                0x00003262                _exit
 *(.fini9)
 *(.fini8)
 *(.fini8)
 *(.fini7)
 *(.fini7)
 *(.fini6)
 *(.fini6)
 *(.fini5)
 *(.fini5)
 *(.fini4)
 *(.fini4)
 *(.fini3)
 *(.fini3)
 *(.fini2)
 *(.fini2)
 *(.fini1)
 *(.fini1)
 *(.fini0)
 .fini0         0x00003262        0x4 d:/diploma/atef/user library/zadic/imt_sdk_win_64/winavr/bin/../lib/gcc/avr/4.3.3/avr5\libgcc.a(_exit.o)
 *(.fini0)
                0x00003266                _etext = .

.data           0x00800060      0x174 load address 0x00003266
                0x00800060                PROVIDE (__data_start, .)
 *(.data)
 .data          0x00800060        0x0 d:/diploma/atef/user library/zadic/imt_sdk_win_64/winavr/bin/../lib/gcc/avr/4.3.3/../../../../avr/lib/avr5/crtm32.o
 .data          0x00800060        0x0 ./MCAL/TIMERS/TIMERS_Program.o
 .data          0x00800060        0x0 ./MCAL/GIE/GIE_Program.o
 .data          0x00800060        0x0 ./MCAL/EXTI/EXTI_Program.o
 .data          0x00800060        0x0 ./MCAL/DIO/DIO_Program.o
 .data          0x00800060        0x0 ./MCAL/ADC/ADC_Program.o
 .data          0x00800060        0x0 ./HAL/LM35/LM35_Program.o
 .data          0x00800060        0x0 ./HAL/LCD/LCD_prog.o
 .data          0x00800060        0x0 ./HAL/KPD/KPD_Prog.o
 .data          0x00800060        0x0 ./HAL/DC_Motor/DcMotor_Program.o
 .data          0x00800060       0x54 ./main.o
 .data          0x008000b4        0x0 d:/diploma/atef/user library/zadic/imt_sdk_win_64/winavr/bin/../lib/gcc/avr/4.3.3/avr5\libgcc.a(_udivmodhi4.o)
 .data          0x008000b4        0x0 d:/diploma/atef/user library/zadic/imt_sdk_win_64/winavr/bin/../lib/gcc/avr/4.3.3/avr5\libgcc.a(_exit.o)
 .data          0x008000b4        0x0 d:/diploma/atef/user library/zadic/imt_sdk_win_64/winavr/bin/../lib/gcc/avr/4.3.3/avr5\libgcc.a(_copy_data.o)
 .data          0x008000b4        0x0 d:/diploma/atef/user library/zadic/imt_sdk_win_64/winavr/bin/../lib/gcc/avr/4.3.3/avr5\libgcc.a(_clear_bss.o)
 .data          0x008000b4        0x0 d:/diploma/atef/user library/zadic/imt_sdk_win_64/winavr/bin/../lib/gcc/avr/4.3.3/avr5\libgcc.a(_fixunssfsi.o)
 .data          0x008000b4        0x0 d:/diploma/atef/user library/zadic/imt_sdk_win_64/winavr/bin/../lib/gcc/avr/4.3.3/avr5\libgcc.a(_addsub_sf.o)
 .data          0x008000b4        0x0 d:/diploma/atef/user library/zadic/imt_sdk_win_64/winavr/bin/../lib/gcc/avr/4.3.3/avr5\libgcc.a(_mul_sf.o)
 .data          0x008000b4        0x0 d:/diploma/atef/user library/zadic/imt_sdk_win_64/winavr/bin/../lib/gcc/avr/4.3.3/avr5\libgcc.a(_gt_sf.o)
 .data          0x008000b4        0x0 d:/diploma/atef/user library/zadic/imt_sdk_win_64/winavr/bin/../lib/gcc/avr/4.3.3/avr5\libgcc.a(_ge_sf.o)
 .data          0x008000b4        0x0 d:/diploma/atef/user library/zadic/imt_sdk_win_64/winavr/bin/../lib/gcc/avr/4.3.3/avr5\libgcc.a(_lt_sf.o)
 .data          0x008000b4        0x0 d:/diploma/atef/user library/zadic/imt_sdk_win_64/winavr/bin/../lib/gcc/avr/4.3.3/avr5\libgcc.a(_sf_to_si.o)
 .data          0x008000b4        0x8 d:/diploma/atef/user library/zadic/imt_sdk_win_64/winavr/bin/../lib/gcc/avr/4.3.3/avr5\libgcc.a(_thenan_sf.o)
                0x008000b4                __thenan_sf
 .data          0x008000bc        0x0 d:/diploma/atef/user library/zadic/imt_sdk_win_64/winavr/bin/../lib/gcc/avr/4.3.3/avr5\libgcc.a(_usi_to_sf.o)
 .data          0x008000bc        0x0 d:/diploma/atef/user library/zadic/imt_sdk_win_64/winavr/bin/../lib/gcc/avr/4.3.3/avr5\libgcc.a(_prologue.o)
 .data          0x008000bc        0x0 d:/diploma/atef/user library/zadic/imt_sdk_win_64/winavr/bin/../lib/gcc/avr/4.3.3/avr5\libgcc.a(_epilogue.o)
 .data          0x008000bc        0x0 d:/diploma/atef/user library/zadic/imt_sdk_win_64/winavr/bin/../lib/gcc/avr/4.3.3/avr5\libgcc.a(_clzsi2.o)
 .data          0x008000bc        0x0 d:/diploma/atef/user library/zadic/imt_sdk_win_64/winavr/bin/../lib/gcc/avr/4.3.3/avr5\libgcc.a(_pack_sf.o)
 .data          0x008000bc        0x0 d:/diploma/atef/user library/zadic/imt_sdk_win_64/winavr/bin/../lib/gcc/avr/4.3.3/avr5\libgcc.a(_unpack_sf.o)
 .data          0x008000bc        0x0 d:/diploma/atef/user library/zadic/imt_sdk_win_64/winavr/bin/../lib/gcc/avr/4.3.3/avr5\libgcc.a(_fpcmp_parts_sf.o)
 .data          0x008000bc      0x100 d:/diploma/atef/user library/zadic/imt_sdk_win_64/winavr/bin/../lib/gcc/avr/4.3.3/avr5\libgcc.a(_clz.o)
                0x008000bc                __clz_tab
 *(.data*)
 .data.Col_Arr  0x008001bc        0x4 ./HAL/KPD/KPD_Prog.o
                0x008001bc                Col_Arr
 .data.Row_Arr  0x008001c0        0x4 ./HAL/KPD/KPD_Prog.o
                0x008001c0                Row_Arr
 *(.rodata)
 *(.rodata*)
 .rodata.C.0.1339
                0x008001c4       0x10 ./HAL/KPD/KPD_Prog.o
 *(.gnu.linkonce.d*)
                0x008001d4                . = ALIGN (0x2)
                0x008001d4                _edata = .
                0x008001d4                PROVIDE (__data_end, .)

.bss            0x008001d4       0x17
                0x008001d4                PROVIDE (__bss_start, .)
 *(.bss)
 .bss           0x008001d4        0x0 d:/diploma/atef/user library/zadic/imt_sdk_win_64/winavr/bin/../lib/gcc/avr/4.3.3/../../../../avr/lib/avr5/crtm32.o
 .bss           0x008001d4        0x0 ./MCAL/TIMERS/TIMERS_Program.o
 .bss           0x008001d4        0x0 ./MCAL/GIE/GIE_Program.o
 .bss           0x008001d4        0x0 ./MCAL/EXTI/EXTI_Program.o
 .bss           0x008001d4        0x0 ./MCAL/DIO/DIO_Program.o
 .bss           0x008001d4        0x0 ./MCAL/ADC/ADC_Program.o
 .bss           0x008001d4        0x0 ./HAL/LM35/LM35_Program.o
 .bss           0x008001d4        0x0 ./HAL/LCD/LCD_prog.o
 .bss           0x008001d4        0x0 ./HAL/KPD/KPD_Prog.o
 .bss           0x008001d4        0x0 ./HAL/DC_Motor/DcMotor_Program.o
 .bss           0x008001d4        0x0 ./main.o
 .bss           0x008001d4        0x0 d:/diploma/atef/user library/zadic/imt_sdk_win_64/winavr/bin/../lib/gcc/avr/4.3.3/avr5\libgcc.a(_udivmodhi4.o)
 .bss           0x008001d4        0x0 d:/diploma/atef/user library/zadic/imt_sdk_win_64/winavr/bin/../lib/gcc/avr/4.3.3/avr5\libgcc.a(_exit.o)
 .bss           0x008001d4        0x0 d:/diploma/atef/user library/zadic/imt_sdk_win_64/winavr/bin/../lib/gcc/avr/4.3.3/avr5\libgcc.a(_copy_data.o)
 .bss           0x008001d4        0x0 d:/diploma/atef/user library/zadic/imt_sdk_win_64/winavr/bin/../lib/gcc/avr/4.3.3/avr5\libgcc.a(_clear_bss.o)
 .bss           0x008001d4        0x0 d:/diploma/atef/user library/zadic/imt_sdk_win_64/winavr/bin/../lib/gcc/avr/4.3.3/avr5\libgcc.a(_fixunssfsi.o)
 .bss           0x008001d4        0x0 d:/diploma/atef/user library/zadic/imt_sdk_win_64/winavr/bin/../lib/gcc/avr/4.3.3/avr5\libgcc.a(_addsub_sf.o)
 .bss           0x008001d4        0x0 d:/diploma/atef/user library/zadic/imt_sdk_win_64/winavr/bin/../lib/gcc/avr/4.3.3/avr5\libgcc.a(_mul_sf.o)
 .bss           0x008001d4        0x0 d:/diploma/atef/user library/zadic/imt_sdk_win_64/winavr/bin/../lib/gcc/avr/4.3.3/avr5\libgcc.a(_gt_sf.o)
 .bss           0x008001d4        0x0 d:/diploma/atef/user library/zadic/imt_sdk_win_64/winavr/bin/../lib/gcc/avr/4.3.3/avr5\libgcc.a(_ge_sf.o)
 .bss           0x008001d4        0x0 d:/diploma/atef/user library/zadic/imt_sdk_win_64/winavr/bin/../lib/gcc/avr/4.3.3/avr5\libgcc.a(_lt_sf.o)
 .bss           0x008001d4        0x0 d:/diploma/atef/user library/zadic/imt_sdk_win_64/winavr/bin/../lib/gcc/avr/4.3.3/avr5\libgcc.a(_sf_to_si.o)
 .bss           0x008001d4        0x0 d:/diploma/atef/user library/zadic/imt_sdk_win_64/winavr/bin/../lib/gcc/avr/4.3.3/avr5\libgcc.a(_thenan_sf.o)
 .bss           0x008001d4        0x0 d:/diploma/atef/user library/zadic/imt_sdk_win_64/winavr/bin/../lib/gcc/avr/4.3.3/avr5\libgcc.a(_usi_to_sf.o)
 .bss           0x008001d4        0x0 d:/diploma/atef/user library/zadic/imt_sdk_win_64/winavr/bin/../lib/gcc/avr/4.3.3/avr5\libgcc.a(_prologue.o)
 .bss           0x008001d4        0x0 d:/diploma/atef/user library/zadic/imt_sdk_win_64/winavr/bin/../lib/gcc/avr/4.3.3/avr5\libgcc.a(_epilogue.o)
 .bss           0x008001d4        0x0 d:/diploma/atef/user library/zadic/imt_sdk_win_64/winavr/bin/../lib/gcc/avr/4.3.3/avr5\libgcc.a(_clzsi2.o)
 .bss           0x008001d4        0x0 d:/diploma/atef/user library/zadic/imt_sdk_win_64/winavr/bin/../lib/gcc/avr/4.3.3/avr5\libgcc.a(_pack_sf.o)
 .bss           0x008001d4        0x0 d:/diploma/atef/user library/zadic/imt_sdk_win_64/winavr/bin/../lib/gcc/avr/4.3.3/avr5\libgcc.a(_unpack_sf.o)
 .bss           0x008001d4        0x0 d:/diploma/atef/user library/zadic/imt_sdk_win_64/winavr/bin/../lib/gcc/avr/4.3.3/avr5\libgcc.a(_fpcmp_parts_sf.o)
 .bss           0x008001d4        0x0 d:/diploma/atef/user library/zadic/imt_sdk_win_64/winavr/bin/../lib/gcc/avr/4.3.3/avr5\libgcc.a(_clz.o)
 *(.bss*)
 .bss.TIMERS_ptfCallBackFuncArr
                0x008001d4       0x10 ./MCAL/TIMERS/TIMERS_Program.o
 .bss.Global_pvInt0NotifcationFunction
                0x008001e4        0x2 ./MCAL/EXTI/EXTI_Program.o
 .bss.Global_pvInt1NotifcationFunction
                0x008001e6        0x2 ./MCAL/EXTI/EXTI_Program.o
 .bss.Global_pvInt2NotifcationFunction
                0x008001e8        0x2 ./MCAL/EXTI/EXTI_Program.o
 .bss.Mode_Select
                0x008001ea        0x1 ./main.o
                0x008001ea                Mode_Select
 *(COMMON)
                0x008001eb                PROVIDE (__bss_end, .)
                0x00003266                __data_load_start = LOADADDR (.data)
                0x000033da                __data_load_end = (__data_load_start + SIZEOF (.data))

.noinit         0x008001eb        0x0
                0x008001eb                PROVIDE (__noinit_start, .)
 *(.noinit*)
                0x008001eb                PROVIDE (__noinit_end, .)
                0x008001eb                _end = .
                0x008001eb                PROVIDE (__heap_start, .)

.eeprom         0x00810000        0x0
 *(.eeprom*)
                0x00810000                __eeprom_end = .

.fuse
 *(.fuse)
 *(.lfuse)
 *(.hfuse)
 *(.efuse)

.lock
 *(.lock*)

.signature
 *(.signature*)

.stab           0x00000000     0x381c
 *(.stab)
 .stab          0x00000000      0x9f0 ./MCAL/TIMERS/TIMERS_Program.o
 .stab          0x000009f0      0x1f8 ./MCAL/GIE/GIE_Program.o
                                0x204 (size before relaxing)
 .stab          0x00000be8      0x600 ./MCAL/EXTI/EXTI_Program.o
                                0x60c (size before relaxing)
 .stab          0x000011e8      0x648 ./MCAL/DIO/DIO_Program.o
                                0x654 (size before relaxing)
 .stab          0x00001830      0x654 ./MCAL/ADC/ADC_Program.o
                                0x660 (size before relaxing)
 .stab          0x00001e84      0x264 ./HAL/LM35/LM35_Program.o
                                0x270 (size before relaxing)
 .stab          0x000020e8      0x9e4 ./HAL/LCD/LCD_prog.o
                                0x9f0 (size before relaxing)
 .stab          0x00002acc      0x4c8 ./HAL/KPD/KPD_Prog.o
                                0x660 (size before relaxing)
 .stab          0x00002f94      0x300 ./HAL/DC_Motor/DcMotor_Program.o
                                0x30c (size before relaxing)
 .stab          0x00003294      0x588 ./main.o
                                0x78c (size before relaxing)

.stabstr        0x00000000     0x1868
 *(.stabstr)
 .stabstr       0x00000000     0x1868 ./MCAL/TIMERS/TIMERS_Program.o

.stab.excl
 *(.stab.excl)

.stab.exclstr
 *(.stab.exclstr)

.stab.index
 *(.stab.index)

.stab.indexstr
 *(.stab.indexstr)

.comment
 *(.comment)

.debug
 *(.debug)

.line
 *(.line)

.debug_srcinfo
 *(.debug_srcinfo)

.debug_sfnames
 *(.debug_sfnames)

.debug_aranges  0x00000000      0x180
 *(.debug_aranges)
 .debug_aranges
                0x00000000       0x20 d:/diploma/atef/user library/zadic/imt_sdk_win_64/winavr/bin/../lib/gcc/avr/4.3.3/avr5\libgcc.a(_fixunssfsi.o)
 .debug_aranges
                0x00000020       0x20 d:/diploma/atef/user library/zadic/imt_sdk_win_64/winavr/bin/../lib/gcc/avr/4.3.3/avr5\libgcc.a(_addsub_sf.o)
 .debug_aranges
                0x00000040       0x20 d:/diploma/atef/user library/zadic/imt_sdk_win_64/winavr/bin/../lib/gcc/avr/4.3.3/avr5\libgcc.a(_mul_sf.o)
 .debug_aranges
                0x00000060       0x20 d:/diploma/atef/user library/zadic/imt_sdk_win_64/winavr/bin/../lib/gcc/avr/4.3.3/avr5\libgcc.a(_gt_sf.o)
 .debug_aranges
                0x00000080       0x20 d:/diploma/atef/user library/zadic/imt_sdk_win_64/winavr/bin/../lib/gcc/avr/4.3.3/avr5\libgcc.a(_ge_sf.o)
 .debug_aranges
                0x000000a0       0x20 d:/diploma/atef/user library/zadic/imt_sdk_win_64/winavr/bin/../lib/gcc/avr/4.3.3/avr5\libgcc.a(_lt_sf.o)
 .debug_aranges
                0x000000c0       0x20 d:/diploma/atef/user library/zadic/imt_sdk_win_64/winavr/bin/../lib/gcc/avr/4.3.3/avr5\libgcc.a(_sf_to_si.o)
 .debug_aranges
                0x000000e0       0x20 d:/diploma/atef/user library/zadic/imt_sdk_win_64/winavr/bin/../lib/gcc/avr/4.3.3/avr5\libgcc.a(_usi_to_sf.o)
 .debug_aranges
                0x00000100       0x20 d:/diploma/atef/user library/zadic/imt_sdk_win_64/winavr/bin/../lib/gcc/avr/4.3.3/avr5\libgcc.a(_clzsi2.o)
 .debug_aranges
                0x00000120       0x20 d:/diploma/atef/user library/zadic/imt_sdk_win_64/winavr/bin/../lib/gcc/avr/4.3.3/avr5\libgcc.a(_pack_sf.o)
 .debug_aranges
                0x00000140       0x20 d:/diploma/atef/user library/zadic/imt_sdk_win_64/winavr/bin/../lib/gcc/avr/4.3.3/avr5\libgcc.a(_unpack_sf.o)
 .debug_aranges
                0x00000160       0x20 d:/diploma/atef/user library/zadic/imt_sdk_win_64/winavr/bin/../lib/gcc/avr/4.3.3/avr5\libgcc.a(_fpcmp_parts_sf.o)

.debug_pubnames
                0x00000000      0x1d3
 *(.debug_pubnames)
 .debug_pubnames
                0x00000000       0x23 d:/diploma/atef/user library/zadic/imt_sdk_win_64/winavr/bin/../lib/gcc/avr/4.3.3/avr5\libgcc.a(_fixunssfsi.o)
 .debug_pubnames
                0x00000023       0x2c d:/diploma/atef/user library/zadic/imt_sdk_win_64/winavr/bin/../lib/gcc/avr/4.3.3/avr5\libgcc.a(_addsub_sf.o)
 .debug_pubnames
                0x0000004f       0x1f d:/diploma/atef/user library/zadic/imt_sdk_win_64/winavr/bin/../lib/gcc/avr/4.3.3/avr5\libgcc.a(_mul_sf.o)
 .debug_pubnames
                0x0000006e       0x1e d:/diploma/atef/user library/zadic/imt_sdk_win_64/winavr/bin/../lib/gcc/avr/4.3.3/avr5\libgcc.a(_gt_sf.o)
 .debug_pubnames
                0x0000008c       0x1e d:/diploma/atef/user library/zadic/imt_sdk_win_64/winavr/bin/../lib/gcc/avr/4.3.3/avr5\libgcc.a(_ge_sf.o)
 .debug_pubnames
                0x000000aa       0x1e d:/diploma/atef/user library/zadic/imt_sdk_win_64/winavr/bin/../lib/gcc/avr/4.3.3/avr5\libgcc.a(_lt_sf.o)
 .debug_pubnames
                0x000000c8       0x20 d:/diploma/atef/user library/zadic/imt_sdk_win_64/winavr/bin/../lib/gcc/avr/4.3.3/avr5\libgcc.a(_sf_to_si.o)
 .debug_pubnames
                0x000000e8       0x22 d:/diploma/atef/user library/zadic/imt_sdk_win_64/winavr/bin/../lib/gcc/avr/4.3.3/avr5\libgcc.a(_thenan_sf.o)
 .debug_pubnames
                0x0000010a       0x24 d:/diploma/atef/user library/zadic/imt_sdk_win_64/winavr/bin/../lib/gcc/avr/4.3.3/avr5\libgcc.a(_usi_to_sf.o)
 .debug_pubnames
                0x0000012e       0x1f d:/diploma/atef/user library/zadic/imt_sdk_win_64/winavr/bin/../lib/gcc/avr/4.3.3/avr5\libgcc.a(_clzsi2.o)
 .debug_pubnames
                0x0000014d       0x1f d:/diploma/atef/user library/zadic/imt_sdk_win_64/winavr/bin/../lib/gcc/avr/4.3.3/avr5\libgcc.a(_pack_sf.o)
 .debug_pubnames
                0x0000016c       0x21 d:/diploma/atef/user library/zadic/imt_sdk_win_64/winavr/bin/../lib/gcc/avr/4.3.3/avr5\libgcc.a(_unpack_sf.o)
 .debug_pubnames
                0x0000018d       0x26 d:/diploma/atef/user library/zadic/imt_sdk_win_64/winavr/bin/../lib/gcc/avr/4.3.3/avr5\libgcc.a(_fpcmp_parts_sf.o)
 .debug_pubnames
                0x000001b3       0x20 d:/diploma/atef/user library/zadic/imt_sdk_win_64/winavr/bin/../lib/gcc/avr/4.3.3/avr5\libgcc.a(_clz.o)

.debug_info     0x00000000     0x200f
 *(.debug_info)
 .debug_info    0x00000000       0xb1 d:/diploma/atef/user library/zadic/imt_sdk_win_64/winavr/bin/../lib/gcc/avr/4.3.3/avr5\libgcc.a(_fixunssfsi.o)
 .debug_info    0x000000b1      0x47a d:/diploma/atef/user library/zadic/imt_sdk_win_64/winavr/bin/../lib/gcc/avr/4.3.3/avr5\libgcc.a(_addsub_sf.o)
 .debug_info    0x0000052b      0x485 d:/diploma/atef/user library/zadic/imt_sdk_win_64/winavr/bin/../lib/gcc/avr/4.3.3/avr5\libgcc.a(_mul_sf.o)
 .debug_info    0x000009b0      0x27f d:/diploma/atef/user library/zadic/imt_sdk_win_64/winavr/bin/../lib/gcc/avr/4.3.3/avr5\libgcc.a(_gt_sf.o)
 .debug_info    0x00000c2f      0x27f d:/diploma/atef/user library/zadic/imt_sdk_win_64/winavr/bin/../lib/gcc/avr/4.3.3/avr5\libgcc.a(_ge_sf.o)
 .debug_info    0x00000eae      0x27f d:/diploma/atef/user library/zadic/imt_sdk_win_64/winavr/bin/../lib/gcc/avr/4.3.3/avr5\libgcc.a(_lt_sf.o)
 .debug_info    0x0000112d      0x2b0 d:/diploma/atef/user library/zadic/imt_sdk_win_64/winavr/bin/../lib/gcc/avr/4.3.3/avr5\libgcc.a(_sf_to_si.o)
 .debug_info    0x000013dd      0x12c d:/diploma/atef/user library/zadic/imt_sdk_win_64/winavr/bin/../lib/gcc/avr/4.3.3/avr5\libgcc.a(_thenan_sf.o)
 .debug_info    0x00001509      0x206 d:/diploma/atef/user library/zadic/imt_sdk_win_64/winavr/bin/../lib/gcc/avr/4.3.3/avr5\libgcc.a(_usi_to_sf.o)
 .debug_info    0x0000170f      0x117 d:/diploma/atef/user library/zadic/imt_sdk_win_64/winavr/bin/../lib/gcc/avr/4.3.3/avr5\libgcc.a(_clzsi2.o)
 .debug_info    0x00001826      0x2df d:/diploma/atef/user library/zadic/imt_sdk_win_64/winavr/bin/../lib/gcc/avr/4.3.3/avr5\libgcc.a(_pack_sf.o)
 .debug_info    0x00001b05      0x251 d:/diploma/atef/user library/zadic/imt_sdk_win_64/winavr/bin/../lib/gcc/avr/4.3.3/avr5\libgcc.a(_unpack_sf.o)
 .debug_info    0x00001d56      0x210 d:/diploma/atef/user library/zadic/imt_sdk_win_64/winavr/bin/../lib/gcc/avr/4.3.3/avr5\libgcc.a(_fpcmp_parts_sf.o)
 .debug_info    0x00001f66       0xa9 d:/diploma/atef/user library/zadic/imt_sdk_win_64/winavr/bin/../lib/gcc/avr/4.3.3/avr5\libgcc.a(_clz.o)
 *(.gnu.linkonce.wi.*)

.debug_abbrev   0x00000000     0x1170
 *(.debug_abbrev)
 .debug_abbrev  0x00000000       0x5d d:/diploma/atef/user library/zadic/imt_sdk_win_64/winavr/bin/../lib/gcc/avr/4.3.3/avr5\libgcc.a(_fixunssfsi.o)
 .debug_abbrev  0x0000005d      0x1ea d:/diploma/atef/user library/zadic/imt_sdk_win_64/winavr/bin/../lib/gcc/avr/4.3.3/avr5\libgcc.a(_addsub_sf.o)
 .debug_abbrev  0x00000247      0x21b d:/diploma/atef/user library/zadic/imt_sdk_win_64/winavr/bin/../lib/gcc/avr/4.3.3/avr5\libgcc.a(_mul_sf.o)
 .debug_abbrev  0x00000462      0x15a d:/diploma/atef/user library/zadic/imt_sdk_win_64/winavr/bin/../lib/gcc/avr/4.3.3/avr5\libgcc.a(_gt_sf.o)
 .debug_abbrev  0x000005bc      0x15a d:/diploma/atef/user library/zadic/imt_sdk_win_64/winavr/bin/../lib/gcc/avr/4.3.3/avr5\libgcc.a(_ge_sf.o)
 .debug_abbrev  0x00000716      0x15a d:/diploma/atef/user library/zadic/imt_sdk_win_64/winavr/bin/../lib/gcc/avr/4.3.3/avr5\libgcc.a(_lt_sf.o)
 .debug_abbrev  0x00000870      0x17f d:/diploma/atef/user library/zadic/imt_sdk_win_64/winavr/bin/../lib/gcc/avr/4.3.3/avr5\libgcc.a(_sf_to_si.o)
 .debug_abbrev  0x000009ef       0xad d:/diploma/atef/user library/zadic/imt_sdk_win_64/winavr/bin/../lib/gcc/avr/4.3.3/avr5\libgcc.a(_thenan_sf.o)
 .debug_abbrev  0x00000a9c      0x157 d:/diploma/atef/user library/zadic/imt_sdk_win_64/winavr/bin/../lib/gcc/avr/4.3.3/avr5\libgcc.a(_usi_to_sf.o)
 .debug_abbrev  0x00000bf3       0xc4 d:/diploma/atef/user library/zadic/imt_sdk_win_64/winavr/bin/../lib/gcc/avr/4.3.3/avr5\libgcc.a(_clzsi2.o)
 .debug_abbrev  0x00000cb7      0x1c0 d:/diploma/atef/user library/zadic/imt_sdk_win_64/winavr/bin/../lib/gcc/avr/4.3.3/avr5\libgcc.a(_pack_sf.o)
 .debug_abbrev  0x00000e77      0x154 d:/diploma/atef/user library/zadic/imt_sdk_win_64/winavr/bin/../lib/gcc/avr/4.3.3/avr5\libgcc.a(_unpack_sf.o)
 .debug_abbrev  0x00000fcb      0x13b d:/diploma/atef/user library/zadic/imt_sdk_win_64/winavr/bin/../lib/gcc/avr/4.3.3/avr5\libgcc.a(_fpcmp_parts_sf.o)
 .debug_abbrev  0x00001106       0x6a d:/diploma/atef/user library/zadic/imt_sdk_win_64/winavr/bin/../lib/gcc/avr/4.3.3/avr5\libgcc.a(_clz.o)

.debug_line     0x00000000     0x1001
 *(.debug_line)
 .debug_line    0x00000000       0xa7 d:/diploma/atef/user library/zadic/imt_sdk_win_64/winavr/bin/../lib/gcc/avr/4.3.3/avr5\libgcc.a(_fixunssfsi.o)
 .debug_line    0x000000a7      0x2af d:/diploma/atef/user library/zadic/imt_sdk_win_64/winavr/bin/../lib/gcc/avr/4.3.3/avr5\libgcc.a(_addsub_sf.o)
 .debug_line    0x00000356      0x239 d:/diploma/atef/user library/zadic/imt_sdk_win_64/winavr/bin/../lib/gcc/avr/4.3.3/avr5\libgcc.a(_mul_sf.o)
 .debug_line    0x0000058f       0xd3 d:/diploma/atef/user library/zadic/imt_sdk_win_64/winavr/bin/../lib/gcc/avr/4.3.3/avr5\libgcc.a(_gt_sf.o)
 .debug_line    0x00000662       0xd3 d:/diploma/atef/user library/zadic/imt_sdk_win_64/winavr/bin/../lib/gcc/avr/4.3.3/avr5\libgcc.a(_ge_sf.o)
 .debug_line    0x00000735       0xd3 d:/diploma/atef/user library/zadic/imt_sdk_win_64/winavr/bin/../lib/gcc/avr/4.3.3/avr5\libgcc.a(_lt_sf.o)
 .debug_line    0x00000808      0x109 d:/diploma/atef/user library/zadic/imt_sdk_win_64/winavr/bin/../lib/gcc/avr/4.3.3/avr5\libgcc.a(_sf_to_si.o)
 .debug_line    0x00000911       0x90 d:/diploma/atef/user library/zadic/imt_sdk_win_64/winavr/bin/../lib/gcc/avr/4.3.3/avr5\libgcc.a(_thenan_sf.o)
 .debug_line    0x000009a1      0x133 d:/diploma/atef/user library/zadic/imt_sdk_win_64/winavr/bin/../lib/gcc/avr/4.3.3/avr5\libgcc.a(_usi_to_sf.o)
 .debug_line    0x00000ad4       0xa5 d:/diploma/atef/user library/zadic/imt_sdk_win_64/winavr/bin/../lib/gcc/avr/4.3.3/avr5\libgcc.a(_clzsi2.o)
 .debug_line    0x00000b79      0x18a d:/diploma/atef/user library/zadic/imt_sdk_win_64/winavr/bin/../lib/gcc/avr/4.3.3/avr5\libgcc.a(_pack_sf.o)
 .debug_line    0x00000d03      0x14b d:/diploma/atef/user library/zadic/imt_sdk_win_64/winavr/bin/../lib/gcc/avr/4.3.3/avr5\libgcc.a(_unpack_sf.o)
 .debug_line    0x00000e4e      0x137 d:/diploma/atef/user library/zadic/imt_sdk_win_64/winavr/bin/../lib/gcc/avr/4.3.3/avr5\libgcc.a(_fpcmp_parts_sf.o)
 .debug_line    0x00000f85       0x7c d:/diploma/atef/user library/zadic/imt_sdk_win_64/winavr/bin/../lib/gcc/avr/4.3.3/avr5\libgcc.a(_clz.o)

.debug_frame    0x00000000      0x1a0
 *(.debug_frame)
 .debug_frame   0x00000000       0x20 d:/diploma/atef/user library/zadic/imt_sdk_win_64/winavr/bin/../lib/gcc/avr/4.3.3/avr5\libgcc.a(_fixunssfsi.o)
 .debug_frame   0x00000020       0x40 d:/diploma/atef/user library/zadic/imt_sdk_win_64/winavr/bin/../lib/gcc/avr/4.3.3/avr5\libgcc.a(_addsub_sf.o)
 .debug_frame   0x00000060       0x20 d:/diploma/atef/user library/zadic/imt_sdk_win_64/winavr/bin/../lib/gcc/avr/4.3.3/avr5\libgcc.a(_mul_sf.o)
 .debug_frame   0x00000080       0x20 d:/diploma/atef/user library/zadic/imt_sdk_win_64/winavr/bin/../lib/gcc/avr/4.3.3/avr5\libgcc.a(_gt_sf.o)
 .debug_frame   0x000000a0       0x20 d:/diploma/atef/user library/zadic/imt_sdk_win_64/winavr/bin/../lib/gcc/avr/4.3.3/avr5\libgcc.a(_ge_sf.o)
 .debug_frame   0x000000c0       0x20 d:/diploma/atef/user library/zadic/imt_sdk_win_64/winavr/bin/../lib/gcc/avr/4.3.3/avr5\libgcc.a(_lt_sf.o)
 .debug_frame   0x000000e0       0x20 d:/diploma/atef/user library/zadic/imt_sdk_win_64/winavr/bin/../lib/gcc/avr/4.3.3/avr5\libgcc.a(_sf_to_si.o)
 .debug_frame   0x00000100       0x20 d:/diploma/atef/user library/zadic/imt_sdk_win_64/winavr/bin/../lib/gcc/avr/4.3.3/avr5\libgcc.a(_usi_to_sf.o)
 .debug_frame   0x00000120       0x20 d:/diploma/atef/user library/zadic/imt_sdk_win_64/winavr/bin/../lib/gcc/avr/4.3.3/avr5\libgcc.a(_clzsi2.o)
 .debug_frame   0x00000140       0x20 d:/diploma/atef/user library/zadic/imt_sdk_win_64/winavr/bin/../lib/gcc/avr/4.3.3/avr5\libgcc.a(_pack_sf.o)
 .debug_frame   0x00000160       0x20 d:/diploma/atef/user library/zadic/imt_sdk_win_64/winavr/bin/../lib/gcc/avr/4.3.3/avr5\libgcc.a(_unpack_sf.o)
 .debug_frame   0x00000180       0x20 d:/diploma/atef/user library/zadic/imt_sdk_win_64/winavr/bin/../lib/gcc/avr/4.3.3/avr5\libgcc.a(_fpcmp_parts_sf.o)

.debug_str      0x00000000      0x2c1
 *(.debug_str)
 .debug_str     0x00000000       0xbf d:/diploma/atef/user library/zadic/imt_sdk_win_64/winavr/bin/../lib/gcc/avr/4.3.3/avr5\libgcc.a(_fixunssfsi.o)
                                 0xfe (size before relaxing)
 .debug_str     0x000000bf      0x14d d:/diploma/atef/user library/zadic/imt_sdk_win_64/winavr/bin/../lib/gcc/avr/4.3.3/avr5\libgcc.a(_addsub_sf.o)
                                0x206 (size before relaxing)
 .debug_str     0x0000020c       0x27 d:/diploma/atef/user library/zadic/imt_sdk_win_64/winavr/bin/../lib/gcc/avr/4.3.3/avr5\libgcc.a(_mul_sf.o)
                                0x1bf (size before relaxing)
 .debug_str     0x00000233        0x8 d:/diploma/atef/user library/zadic/imt_sdk_win_64/winavr/bin/../lib/gcc/avr/4.3.3/avr5\libgcc.a(_gt_sf.o)
                                0x195 (size before relaxing)
 .debug_str     0x0000023b        0x8 d:/diploma/atef/user library/zadic/imt_sdk_win_64/winavr/bin/../lib/gcc/avr/4.3.3/avr5\libgcc.a(_ge_sf.o)
                                0x195 (size before relaxing)
 .debug_str     0x00000243        0x8 d:/diploma/atef/user library/zadic/imt_sdk_win_64/winavr/bin/../lib/gcc/avr/4.3.3/avr5\libgcc.a(_lt_sf.o)
                                0x195 (size before relaxing)
 .debug_str     0x0000024b        0xa d:/diploma/atef/user library/zadic/imt_sdk_win_64/winavr/bin/../lib/gcc/avr/4.3.3/avr5\libgcc.a(_sf_to_si.o)
                                0x19e (size before relaxing)
 .debug_str     0x00000000      0x103 d:/diploma/atef/user library/zadic/imt_sdk_win_64/winavr/bin/../lib/gcc/avr/4.3.3/avr5\libgcc.a(_thenan_sf.o)
 .debug_str     0x00000255       0x21 d:/diploma/atef/user library/zadic/imt_sdk_win_64/winavr/bin/../lib/gcc/avr/4.3.3/avr5\libgcc.a(_usi_to_sf.o)
                                0x177 (size before relaxing)
 .debug_str     0x00000276       0x20 d:/diploma/atef/user library/zadic/imt_sdk_win_64/winavr/bin/../lib/gcc/avr/4.3.3/avr5\libgcc.a(_clzsi2.o)
                                0x111 (size before relaxing)
 .debug_str     0x00000296       0x10 d:/diploma/atef/user library/zadic/imt_sdk_win_64/winavr/bin/../lib/gcc/avr/4.3.3/avr5\libgcc.a(_pack_sf.o)
                                0x19d (size before relaxing)
 .debug_str     0x000002a6        0xb d:/diploma/atef/user library/zadic/imt_sdk_win_64/winavr/bin/../lib/gcc/avr/4.3.3/avr5\libgcc.a(_unpack_sf.o)
                                0x17f (size before relaxing)
 .debug_str     0x000002b1       0x10 d:/diploma/atef/user library/zadic/imt_sdk_win_64/winavr/bin/../lib/gcc/avr/4.3.3/avr5\libgcc.a(_fpcmp_parts_sf.o)
                                0x163 (size before relaxing)
 .debug_str     0x00000000       0xf4 d:/diploma/atef/user library/zadic/imt_sdk_win_64/winavr/bin/../lib/gcc/avr/4.3.3/avr5\libgcc.a(_clz.o)

.debug_loc      0x00000000      0x8ae
 *(.debug_loc)
 .debug_loc     0x00000000       0x34 d:/diploma/atef/user library/zadic/imt_sdk_win_64/winavr/bin/../lib/gcc/avr/4.3.3/avr5\libgcc.a(_fixunssfsi.o)
 .debug_loc     0x00000034      0x32a d:/diploma/atef/user library/zadic/imt_sdk_win_64/winavr/bin/../lib/gcc/avr/4.3.3/avr5\libgcc.a(_addsub_sf.o)
 .debug_loc     0x0000035e      0x104 d:/diploma/atef/user library/zadic/imt_sdk_win_64/winavr/bin/../lib/gcc/avr/4.3.3/avr5\libgcc.a(_mul_sf.o)
 .debug_loc     0x00000462       0x3c d:/diploma/atef/user library/zadic/imt_sdk_win_64/winavr/bin/../lib/gcc/avr/4.3.3/avr5\libgcc.a(_gt_sf.o)
 .debug_loc     0x0000049e       0x3c d:/diploma/atef/user library/zadic/imt_sdk_win_64/winavr/bin/../lib/gcc/avr/4.3.3/avr5\libgcc.a(_ge_sf.o)
 .debug_loc     0x000004da       0x3c d:/diploma/atef/user library/zadic/imt_sdk_win_64/winavr/bin/../lib/gcc/avr/4.3.3/avr5\libgcc.a(_lt_sf.o)
 .debug_loc     0x00000516       0x7e d:/diploma/atef/user library/zadic/imt_sdk_win_64/winavr/bin/../lib/gcc/avr/4.3.3/avr5\libgcc.a(_sf_to_si.o)
 .debug_loc     0x00000594       0x4c d:/diploma/atef/user library/zadic/imt_sdk_win_64/winavr/bin/../lib/gcc/avr/4.3.3/avr5\libgcc.a(_usi_to_sf.o)
 .debug_loc     0x000005e0       0x94 d:/diploma/atef/user library/zadic/imt_sdk_win_64/winavr/bin/../lib/gcc/avr/4.3.3/avr5\libgcc.a(_clzsi2.o)
 .debug_loc     0x00000674      0x13e d:/diploma/atef/user library/zadic/imt_sdk_win_64/winavr/bin/../lib/gcc/avr/4.3.3/avr5\libgcc.a(_pack_sf.o)
 .debug_loc     0x000007b2       0xac d:/diploma/atef/user library/zadic/imt_sdk_win_64/winavr/bin/../lib/gcc/avr/4.3.3/avr5\libgcc.a(_unpack_sf.o)
 .debug_loc     0x0000085e       0x50 d:/diploma/atef/user library/zadic/imt_sdk_win_64/winavr/bin/../lib/gcc/avr/4.3.3/avr5\libgcc.a(_fpcmp_parts_sf.o)

.debug_macinfo
 *(.debug_macinfo)
OUTPUT(TEST_CH1.elf elf32-avr)
LOAD linker stubs

.debug_ranges   0x00000000       0x50
 .debug_ranges  0x00000000       0x50 d:/diploma/atef/user library/zadic/imt_sdk_win_64/winavr/bin/../lib/gcc/avr/4.3.3/avr5\libgcc.a(_mul_sf.o)
